// Vitest Snapshot v1, https://vitest.dev/guide/snapshot.html

exports[`Button.spec > Snapshot 1`] = `"<button data-v-053f9315="" type="button">text</button>"`;
